info: Test Started {"timestamp":"2026-09-24T01:06:39.903Z"}
info: Opened Sport Page {"timestamp":"2026-09-24T01:06:44.826Z"}
info: Page Loaded Successfully {"timestamp":"2026-09-24T01:06:44.858Z"}
info: Heading Verified {"timestamp":"2026-09-24T01:06:44.863Z"}
info: Image Verification Completed {"timestamp":"2026-09-24T01:06:44.868Z"}
info: Screenshot Captured {"timestamp":"2026-09-24T01:06:45.709Z"}
info: Visual Validation Completed {"timestamp":"2026-09-24T01:06:45.804Z"}
info: Test Passed {"timestamp":"2026-09-24T01:06:45.804Z"}
info: Test Started {"timestamp":"2026-09-24T01:23:20.679Z"}
info: Opened Sport Page {"timestamp":"2026-09-24T01:23:25.164Z"}
info: Page Loaded Successfully {"timestamp":"2026-09-24T01:23:25.182Z"}
info: Heading Verified {"timestamp":"2026-09-24T01:23:25.186Z"}
info: Image Verification Completed {"timestamp":"2026-09-24T01:23:25.193Z"}
info: Screenshot Captured {"timestamp":"2026-09-24T01:23:26.039Z"}
info: Visual Validation Completed {"timestamp":"2026-09-24T01:23:26.167Z"}
info: Test Passed {"timestamp":"2026-09-24T01:23:26.167Z"}
info: Test Started {"timestamp":"2026-09-24T01:34:37.704Z"}
info: Opened Sport Page {"timestamp":"2026-09-24T01:34:39.207Z"}
info: Page Loaded Successfully {"timestamp":"2026-09-24T01:34:39.227Z"}
info: Heading Verified {"timestamp":"2026-09-24T01:34:39.231Z"}
info: Image Verification Completed {"timestamp":"2026-09-24T01:34:39.241Z"}
info: Screenshot Captured {"timestamp":"2026-09-24T01:34:40.104Z"}
info: Visual Validation Completed {"timestamp":"2026-09-24T01:34:40.202Z"}
info: Test Passed {"timestamp":"2026-09-24T01:34:40.202Z"}
